16:14:15 **** Incremental Build of configuration Debug for project MIDI_Commander_Custom ****
make -j24 all 
arm-none-eabi-gcc "../Middlewares/stm32-ssd1306-master/ssd1306/ssd1306.c" -mcpu=cortex-m3 -std=gnu11 -g3 -DDEBUG -DUSE_HAL_DRIVER -DSTM32F103xE -c -I../Core/Inc -I../Drivers/STM32F1xx_HAL_Driver/Inc -I../Drivers/STM32F1xx_HAL_Driver/Inc/Legacy -I../Drivers/CMSIS/Device/ST/STM32F1xx/Include -I../Drivers/CMSIS/Include -I../USB_DEVICE/App -I../USB_DEVICE/Target -I../Middlewares/ST/STM32_USB_Device_Library/Core/Inc -I../Middlewares/ST/STM32_USB_Device_Library/Class/CDC/Inc -I"D:/midi_commander/MIDI_Commander_Custom/Middlewares/stm32-ssd1306-master/ssd1306" -O0 -ffunction-sections -fdata-sections -Wall -fstack-usage -MMD -MP -MF"Middlewares/stm32-ssd1306-master/ssd1306/ssd1306.d" -MT"Middlewares/stm32-ssd1306-master/ssd1306/ssd1306.o" --specs=nano.specs -mfloat-abi=soft -mthumb -o "Middlewares/stm32-ssd1306-master/ssd1306/ssd1306.o"
arm-none-eabi-gcc "../Middlewares/stm32-ssd1306-master/ssd1306/ssd1306_fonts.c" -mcpu=cortex-m3 -std=gnu11 -g3 -DDEBUG -DUSE_HAL_DRIVER -DSTM32F103xE -c -I../Core/Inc -I../Drivers/STM32F1xx_HAL_Driver/Inc -I../Drivers/STM32F1xx_HAL_Driver/Inc/Legacy -I../Drivers/CMSIS/Device/ST/STM32F1xx/Include -I../Drivers/CMSIS/Include -I../USB_DEVICE/App -I../USB_DEVICE/Target -I../Middlewares/ST/STM32_USB_Device_Library/Core/Inc -I../Middlewares/ST/STM32_USB_Device_Library/Class/CDC/Inc -I"D:/midi_commander/MIDI_Commander_Custom/Middlewares/stm32-ssd1306-master/ssd1306" -O0 -ffunction-sections -fdata-sections -Wall -fstack-usage -MMD -MP -MF"Middlewares/stm32-ssd1306-master/ssd1306/ssd1306_fonts.d" -MT"Middlewares/stm32-ssd1306-master/ssd1306/ssd1306_fonts.o" --specs=nano.specs -mfloat-abi=soft -mthumb -o "Middlewares/stm32-ssd1306-master/ssd1306/ssd1306_fonts.o"
arm-none-eabi-gcc "../Middlewares/stm32-ssd1306-master/ssd1306/ssd1306_tests.c" -mcpu=cortex-m3 -std=gnu11 -g3 -DDEBUG -DUSE_HAL_DRIVER -DSTM32F103xE -c -I../Core/Inc -I../Drivers/STM32F1xx_HAL_Driver/Inc -I../Drivers/STM32F1xx_HAL_Driver/Inc/Legacy -I../Drivers/CMSIS/Device/ST/STM32F1xx/Include -I../Drivers/CMSIS/Include -I../USB_DEVICE/App -I../USB_DEVICE/Target -I../Middlewares/ST/STM32_USB_Device_Library/Core/Inc -I../Middlewares/ST/STM32_USB_Device_Library/Class/CDC/Inc -I"D:/midi_commander/MIDI_Commander_Custom/Middlewares/stm32-ssd1306-master/ssd1306" -O0 -ffunction-sections -fdata-sections -Wall -fstack-usage -MMD -MP -MF"Middlewares/stm32-ssd1306-master/ssd1306/ssd1306_tests.d" -MT"Middlewares/stm32-ssd1306-master/ssd1306/ssd1306_tests.o" --specs=nano.specs -mfloat-abi=soft -mthumb -o "Middlewares/stm32-ssd1306-master/ssd1306/ssd1306_tests.o"
arm-none-eabi-gcc "../Core/Src/main.c" -mcpu=cortex-m3 -std=gnu11 -g3 -DDEBUG -DUSE_HAL_DRIVER -DSTM32F103xE -c -I../Core/Inc -I../Drivers/STM32F1xx_HAL_Driver/Inc -I../Drivers/STM32F1xx_HAL_Driver/Inc/Legacy -I../Drivers/CMSIS/Device/ST/STM32F1xx/Include -I../Drivers/CMSIS/Include -I../USB_DEVICE/App -I../USB_DEVICE/Target -I../Middlewares/ST/STM32_USB_Device_Library/Core/Inc -I../Middlewares/ST/STM32_USB_Device_Library/Class/CDC/Inc -I"D:/midi_commander/MIDI_Commander_Custom/Middlewares/stm32-ssd1306-master/ssd1306" -O0 -ffunction-sections -fdata-sections -Wall -fstack-usage -MMD -MP -MF"Core/Src/main.d" -MT"Core/Src/main.o" --specs=nano.specs -mfloat-abi=soft -mthumb -o "Core/Src/main.o"
arm-none-eabi-gcc -o "MIDI_Commander_Custom.elf" @"objects.list"   -mcpu=cortex-m3 -T"D:\midi_commander\MIDI_Commander_Custom\STM32F103RETX_FLASH.ld" --specs=nosys.specs -Wl,-Map="MIDI_Commander_Custom.map" -Wl,--gc-sections -static --specs=nano.specs -mfloat-abi=soft -mthumb -Wl,--start-group -lc -lm -Wl,--end-group
Finished building target: MIDI_Commander_Custom.elf
 
arm-none-eabi-objdump -h -S  MIDI_Commander_Custom.elf  > "MIDI_Commander_Custom.list"
arm-none-eabi-objcopy  -O binary  MIDI_Commander_Custom.elf  "MIDI_Commander_Custom.bin"
arm-none-eabi-size   MIDI_Commander_Custom.elf 
   text	   data	    bss	    dec	    hex	filename
  64768	    528	   7400	  72696	  11bf8	MIDI_Commander_Custom.elf
Finished building: default.size.stdout
 
Finished building: MIDI_Commander_Custom.bin
 
Finished building: MIDI_Commander_Custom.list
 

16:14:16 Build Finished. 0 errors, 0 warnings. (took 782ms)

